// Vitest Snapshot v1, https://vitest.dev/guide/snapshot.html

exports[`App > should render App correctly 1`] = `
<div>
  <div>
    <div />
    <nav
      class="navbar navbar-expand-lg navbar-dark bg-dark"
    >
      <div
        class="container"
      >
        <ul
          class="navbar-nav"
        >
          <li
            class="nav-item"
          />
          <li
            class="nav-item"
          />
          <li
            class="nav-item"
          />
        </ul>
      </div>
    </nav>
    <div />
    <br />
    <div>
      <label
        for="data"
      >
        Enter Data
      </label>
      <br />
      <input
        id="data"
        type="text"
      />
    </div>
    <br />
    <div>
      Loading...
    </div>
    <br />
    <form>
      <label
        for="title"
      >
        Title
      </label>
      <br />
      <input
        id="title"
        type="text"
        value=""
      />
      <br />
      <label
        for="body"
      >
        Body
      </label>
      <br />
      <input
        id="body"
        type="text"
        value=""
      />
      <br />
      <button
        type="submit"
      >
        Create Post
      </button>
    </form>
    <br />
    <div>
      <div>
        You clicked the button 
        0
         times
      </div>
      <button>
        Click Me
      </button>
      <button>
        Sync
      </button>
    </div>
    <br />
    <form>
      <div>
        <label
          for="username"
        >
          Username
        </label>
        <br />
        <input
          id="username"
          name="username"
          value=""
        />
      </div>
      <div>
        <label
          for="email"
        >
          Email
        </label>
        <br />
        <input
          id="email"
          name="email"
          value=""
        />
      </div>
      <button
        type="submit"
      >
        Add User
      </button>
    </form>
    <br />
    <h1>
      Root Component
    </h1>
    <div
      id="user-profile"
    >
      <b
        class="_username_ccaf0b"
        style="font-size: 32px; color: red; font-family: cursive;"
      >
        Username:
      </b>
      <span>
        Bob
      </span>
      <b>
        Age:
      </b>
      <span>
        25
      </span>
      <div>
        <span>
          Email: 
        </span>
        <span>
          bob@bob.com 
        </span>
      </div>
      <section>
        <span
          class="_foodsTitle_38af46"
        >
          Favorite Foods:
        </span>
        <br />
        <ul>
          <li>
            Sushi
          </li>
          <li>
            Pizza
          </li>
          <li>
            Mediterranean Food
          </li>
        </ul>
      </section>
    </div>
  </div>
</div>
`;
